---
source: crates/wadl-engine/tests/golden_rule_table.rs
description: rigging under a stop-work
info:
  rule: R22
  ordinal: "0"
  scenario: rigging under a stop-work
  hazard_kind: stop_work
  origin: 3-160-2-Q
  subject: 3-160-2-Q
  work_type: rigging
  at_min: 0
  ended_min: ~
  expect_state: SUSPEND
  expect_clearer: issuing_authority
  expect_clear_min: ~
---
{
  "state": "SUSPEND",
  "trace": [
    {
      "rule_code": "R22",
      "rule_version": "00000000-0000-0000-0000-000000002201",
      "state": "SUSPEND",
      "source": "3-160-2-Q",
      "hazard": "STOP WORK · Fire Marshal",
      "depth": 0,
      "path": [
        "3-160-2-Q"
      ],
      "via": [],
      "authority": "Yard safety programme; NAVSEA stop-work authority",
      "clearing_authority": "issuing_authority",
      "earliest_clear": null,
      "reason": "STOP WORK · Fire Marshal in this space."
    }
  ],
  "earliest_clear": null
}
