---
source: crates/wadl-engine/tests/golden_rule_table.rs
description: the same after the permit closed
info:
  rule: R04
  ordinal: "0"
  scenario: the same after the permit closed
  hazard_kind: hot_work_live
  origin: 2-160-2-Q
  subject: 3-160-2-Q
  work_type: mechanical
  at_min: 70
  ended_min: 60
  expect_state: SUSPEND
  expect_clearer: fire_marshal
  expect_clear_min: 90
---
{
  "state": "SUSPEND",
  "trace": [
    {
      "rule_code": "R04",
      "rule_version": "00000000-0000-0000-0000-000000000402",
      "state": "SUSPEND",
      "source": "2-160-2-Q",
      "hazard": "HW permit 2673 · weld repair",
      "depth": 1,
      "path": [
        "2-160-2-Q",
        "3-160-2-Q"
      ],
      "via": [
        "deck_penetration"
      ],
      "authority": "NSTM Ch. 074 Vol.1 para 074-13; MIL-STD-1689A",
      "clearing_authority": "fire_marshal",
      "earliest_clear": 1778654700000,
      "reason": "HW permit 2673 · weld repair in 2-160-2-Q — reached via deck_penetration (1 hop); permit closed, fire watch of 30 min running."
    }
  ],
  "earliest_clear": 1778654700000
}
